 
*** VICE Version 3.10 ***
 
This is the condensed log, for the full log use --verbose or --debug.
 
Main: random seed was: 0x69aca492
Main: command line was: x64sc -binarymonitor -binarymonitoraddress ip4://127.0.0.1:6502 -autostartprgmode 1 -logfile artifacts/vice-asm-debug.log build/hello-asm.prg
Main: VICE system file directory: '/opt/homebrew/Cellar/vice/3.10/share/vice'.
Main: VICE system file search path: '/Users/david/.local/share/vice:/Users/david/Documents/c64/c64-vibe-coding:/opt/homebrew/Cellar/vice/3.10/share/vice'.
Sysfile: Loading `/opt/homebrew/Cellar/vice/3.10/share/vice/C64/kernal-901227-03.bin'.
C64MEM: Kernal rev #3 ($03) Sum: 50954 ($C70A) SHA1: 1d503e56df85a62fee696e7618dc5b4e781df1bb.
Sysfile: Loading `/opt/homebrew/Cellar/vice/3.10/share/vice/C64/basic-901226-01.bin'.
Sysfile: Loading `/opt/homebrew/Cellar/vice/3.10/share/vice/C64/chargen-901225-01.bin'.
DriveROM: Error - 2000 ROM image not found. Hardware-level 2000 emulation is not available.
DriveROM: Error - 4000 ROM image not found. Hardware-level 4000 emulation is not available.
DriveROM: Error - CMDHD ROM image not found. Hardware-level CMDHD emulation is not available.
Sysfile: Loading `/opt/homebrew/Cellar/vice/3.10/share/vice/DRIVES/dos1541ii-251968-03.bin'.
VIC-II: Initializing chip model "MOS8565" (63 cycles per line, 312 raster lines).
Window: Chip 'VICII' using GTK3 backend 'OpenGL'.
OpenGL: Loading vertex shader: /opt/homebrew/Cellar/vice/3.10/share/vice/GLSL/viewport.vert
OpenGL: Loading fragment shader: /opt/homebrew/Cellar/vice/3.10/share/vice/GLSL/builtin.frag
OpenGL: Loading vertex shader: /opt/homebrew/Cellar/vice/3.10/share/vice/GLSL/viewport.vert
OpenGL: Loading fragment shader: /opt/homebrew/Cellar/vice/3.10/share/vice/GLSL/builtin-interlaced.frag
OpenGL: Loading vertex shader: /opt/homebrew/Cellar/vice/3.10/share/vice/GLSL/viewport.vert
OpenGL: Loading fragment shader: /opt/homebrew/Cellar/vice/3.10/share/vice/GLSL/bicubic.frag
OpenGL: Loading vertex shader: /opt/homebrew/Cellar/vice/3.10/share/vice/GLSL/viewport.vert
OpenGL: Loading fragment shader: /opt/homebrew/Cellar/vice/3.10/share/vice/GLSL/bicubic-interlaced.frag
Sound: Available sound devices: coreaudio dummy dump fs wav voc iff aiff flac ogg soundmovie
Joystick: Warning - Failed to open `/Users/david/.config/vice/gtk3-joymap-C64SC.vjm'.
Joystick: Warning - using minimal default mapping.
Keymap: Loading keymap `/opt/homebrew/Cellar/vice/3.10/share/vice/C64/gtk3_sym.vkm'.
Hotkeys: parsing default file '/opt/homebrew/Cellar/vice/3.10/share/vice/hotkeys/hotkeys.vhk' for machine C64
Main CPU: 
Main CPU: starting at ($FFFC).
Main CPU: RESET.
VIC-II: VSP Bug: safe channels are: 0135. Emulation of memory corruption is disabled.
AUTOSTART: Autodetecting image type of `build/hello-asm.prg'.
Filesystem Image Probe: Error - Import GCR: Unknown GCR image version 48.
Filesystem Image: Unknown disk image `build/hello-asm.prg'.
Tape: Error - Cannot open file `build/hello-asm.prg'
Error - no CRT header found.
CART: '/Users/david/Documents/c64/c64-vibe-coding/build/hello-asm.prg' is not a valid CRT file.
AUTOSTART: Loading PRG file `build/hello-asm.prg' with direct RAM injection.
AUTOSTART: Resetting the machine to autostart '*'
VIC-II: VSP Bug: safe channels are: 02346. Emulation of memory corruption is disabled.
AUTOSTART: Turning Warp mode on.
AUTOSTART: `build/hello-asm.prg' recognized as program/p00 file.
Main CPU: RESET.
sound (coreaudio_init): Found output audio device: LG TV
sound (coreaudio_init): Found output audio device: Mac mini Speakers (Default)
sound (coreaudio_init): Using output audio device: Mac mini Speakers
sound (coreaudio_init): audio frame buffer size in samples min: 14.000000 max: 4096.000000 fragment size: 32, chosen: 32
sound (coreaudio_init): sampling rate conversion 48000Hz->44100Hz
sound (coreaudio_start): Started
Sound: Opened device `coreaudio', speed 48000Hz, fragment size 0.67ms, buffer size 20.00ms
Copybuffer increase to 102 bytes
Sound: reSID: MOS8580, filter on, sampling rate 48000Hz - resampling, pass to 21600Hz
VSync: Sync reset
Unit 8: RESET.
AUTOSTART: Injecting program data at $0801 (size $0828)
AUTOSTART: Ready
AUTOSTART: Turning Warp mode off.
AUTOSTART: Starting program.
AUTOSTART: Restoring FileSystemDevice8 to 1.
AUTOSTART: Restoring FSDevice8ConvertP00 to 1.
AUTOSTART: Restoring FSDeviceLongNames to 0.
AUTOSTART: Done.
VSync: Sync reset

Configure Flags:
--disable-arch --disable-pdf-docs --enable-gtk3ui --enable-midi --enable-lame --enable-ethernet --enable-cpuhistory --with-flac --with-vorbis --with-gif --with-png --disable-debug --disable-dependency-tracking --prefix=/opt/homebrew/Cellar/vice/3.10 --libdir=/opt/homebrew/Cellar/vice/3.10/lib

Resources with non default values:
LogFileName="artifacts/vice-asm-debug.log"
Window0Height=638
Window0Width=720
Window0Xpos=608
Window0Ypos=211
AutostartPrgMode=1
BinaryMonitorServer=1

reconstructed commandline options (might be incomplete):
-default -logfile "artifacts/vice-asm-debug.log" -windowxpos "608" -windowypos "211" -windowwidth "720" -windowheight "638" -autostartprgmode "1" -binarymonitor

VIC-II: VSP Bug: safe channels are: 015. Emulation of memory corruption is disabled.
AudioComponentInstanceDispose
