 
*** VICE Version 3.10 ***
 
This is the condensed log, for the full log use --verbose or --debug.
 
Main: random seed was: 0x69acc106
Main: command line was: x64sc -default +confirmonexit +saveres -pal -power50 -autostart-warp -logfile artifacts/vice-asm-live.log -autostart build/hello-asm.d64:HELLOASM
Main: VICE system file directory: '/opt/homebrew/Cellar/vice/3.10/share/vice'.
Main: VICE system file search path: '/Users/david/.local/share/vice:/Users/david/Documents/c64/c64-vibe-coding:/opt/homebrew/Cellar/vice/3.10/share/vice'.
Sysfile: Loading `/opt/homebrew/Cellar/vice/3.10/share/vice/C64/kernal-901227-03.bin'.
C64MEM: Kernal rev #3 ($03) Sum: 50954 ($C70A) SHA1: 1d503e56df85a62fee696e7618dc5b4e781df1bb.
Sysfile: Loading `/opt/homebrew/Cellar/vice/3.10/share/vice/C64/basic-901226-01.bin'.
Sysfile: Loading `/opt/homebrew/Cellar/vice/3.10/share/vice/C64/chargen-901225-01.bin'.
DriveROM: Error - 2000 ROM image not found. Hardware-level 2000 emulation is not available.
DriveROM: Error - 4000 ROM image not found. Hardware-level 4000 emulation is not available.
DriveROM: Error - CMDHD ROM image not found. Hardware-level CMDHD emulation is not available.
Sysfile: Loading `/opt/homebrew/Cellar/vice/3.10/share/vice/DRIVES/dos1541ii-251968-03.bin'.
VIC-II: Initializing chip model "MOS8565" (63 cycles per line, 312 raster lines).
Window: Chip 'VICII' using GTK3 backend 'OpenGL'.
OpenGL: Loading vertex shader: /opt/homebrew/Cellar/vice/3.10/share/vice/GLSL/viewport.vert
OpenGL: Loading fragment shader: /opt/homebrew/Cellar/vice/3.10/share/vice/GLSL/builtin.frag
OpenGL: Loading vertex shader: /opt/homebrew/Cellar/vice/3.10/share/vice/GLSL/viewport.vert
OpenGL: Loading fragment shader: /opt/homebrew/Cellar/vice/3.10/share/vice/GLSL/builtin-interlaced.frag
OpenGL: Loading vertex shader: /opt/homebrew/Cellar/vice/3.10/share/vice/GLSL/viewport.vert
OpenGL: Loading fragment shader: /opt/homebrew/Cellar/vice/3.10/share/vice/GLSL/bicubic.frag
OpenGL: Loading vertex shader: /opt/homebrew/Cellar/vice/3.10/share/vice/GLSL/viewport.vert
OpenGL: Loading fragment shader: /opt/homebrew/Cellar/vice/3.10/share/vice/GLSL/bicubic-interlaced.frag
Sound: Available sound devices: coreaudio dummy dump fs wav voc iff aiff flac ogg soundmovie
Joystick: Warning - using minimal default mapping.
Keymap: Loading keymap `/opt/homebrew/Cellar/vice/3.10/share/vice/C64/gtk3_sym.vkm'.
Hotkeys: parsing default file '/opt/homebrew/Cellar/vice/3.10/share/vice/hotkeys/hotkeys.vhk' for machine C64
Main CPU: 
Main CPU: starting at ($FFFC).
Main CPU: RESET.
VIC-II: VSP Bug: safe channels are: 36. Emulation of memory corruption is disabled.
AUTOSTART: Autodetecting image type of `build/hello-asm.d64'.
AUTOSTART: Attached file `build/hello-asm.d64' as a disk image.
AUTOSTART: mounted image is type: 1541, not changing drive.
AUTOSTART: Resetting drive 8
AUTOSTART: Resetting the machine to autostart 'HELLOASM'
VIC-II: VSP Bug: safe channels are: 2357. Emulation of memory corruption is disabled.
AUTOSTART: Turning Warp mode on.
AUTOSTART: `build/hello-asm.d64' recognized as disk image.
Main CPU: RESET.
sound (coreaudio_init): Found output audio device: LG TV
sound (coreaudio_init): Found output audio device: Mac mini Speakers (Default)
sound (coreaudio_init): Using output audio device: Mac mini Speakers
sound (coreaudio_init): audio frame buffer size in samples min: 14.000000 max: 4096.000000 fragment size: 32, chosen: 32
sound (coreaudio_init): sampling rate conversion 48000Hz->44100Hz
sound (coreaudio_start): Started
Sound: Opened device `coreaudio', speed 48000Hz, fragment size 0.67ms, buffer size 20.00ms
Copybuffer increase to 102 bytes
Sound: reSID: MOS8580, filter on, sampling rate 48000Hz - resampling, pass to 21600Hz
VSync: Sync reset
Unit 8: RESET.
AUTOSTART: Loading program 'HELLOASM'
AUTOSTART: Entered ROM at $e5cf
AUTOSTART: Searching for ...
AUTOSTART: Loading
AUTOSTART: Entered ROM at $ea21
AUTOSTART: Ready
AUTOSTART: Turning Warp mode off.
AUTOSTART: Starting program.
AUTOSTART: Restoring FileSystemDevice8 to 1.
AUTOSTART: Restoring FSDevice8ConvertP00 to 1.
AUTOSTART: Restoring FSDeviceLongNames to 0.
AUTOSTART: Done.
VSync: Sync reset
